TwrForVariable3.java:11:14: compiler.err.prob.found.req: (compiler.misc.try.not.applicable.to.type: (compiler.misc.inconvertible.types: java.lang.Object, java.lang.AutoCloseable))
TwrForVariable3.java:14:18: compiler.err.doesnt.exist: java
TwrForVariable3.java:17:14: compiler.err.cant.resolve.location: kindname.variable, java, , , (compiler.misc.location: kindname.class, TwrForVariable3, null)
3 errors
