T8078473_2.java:17:13: compiler.warn.diamond.redundant.args.1: p.q.r.T8078473_2.C<Q,Q>, p.q.r.T8078473_2.C<java.lang.Object,java.lang.Object>
T8078473_2.java:18:13: compiler.warn.diamond.redundant.args.1: p.q.r.T8078473_2.C<Q,Q>, p.q.r.T8078473_2.C<java.lang.Object,java.lang.Object>
2 warnings
